Category: 📺央视频道, Name: CCTV-1, Total: 21, Valid: 12, Valid Percent: 57.14%, Whitelist: 0, IPv4: 15, IPv6: 6, Min Delay: 76 ms, Max Speed: 29.97 M/s, Avg Speed: 3.31 M/s, Max Resolution: 1920x1080
Category: 📺央视频道, Name: CCTV-2, Total: 28, Valid: 18, Valid Percent: 64.29%, Whitelist: 0, IPv4: 21, IPv6: 7, Min Delay: 65 ms, Max Speed: 26.57 M/s, Avg Speed: 2.00 M/s, Max Resolution: 1920x1080
Category: 📺央视频道, Name: CCTV-3, Total: 18, Valid: 10, Valid Percent: 55.56%, Whitelist: 0, IPv4: 12, IPv6: 6, Min Delay: 1251 ms, Max Speed: 4.33 M/s, Avg Speed: 1.11 M/s, Max Resolution: 1920x1080
Category: 📺央视频道, Name: CCTV-4, Total: 23, Valid: 15, Valid Percent: 65.22%, Whitelist: 0, IPv4: 17, IPv6: 6, Min Delay: 456 ms, Max Speed: 8.41 M/s, Avg Speed: 1.67 M/s, Max Resolution: 1920x1080
Category: 📺央视频道, Name: CCTV-5, Total: 21, Valid: 12, Valid Percent: 57.14%, Whitelist: 0, IPv4: 14, IPv6: 7, Min Delay: 269 ms, Max Speed: 7.68 M/s, Avg Speed: 1.92 M/s, Max Resolution: 1920x1080
Category: 📺央视频道, Name: CCTV-6, Total: 24, Valid: 12, Valid Percent: 50.00%, Whitelist: 0, IPv4: 15, IPv6: 9, Min Delay: 74 ms, Max Speed: 25.67 M/s, Avg Speed: 3.28 M/s, Max Resolution: 1920x1080
Category: 📺央视频道, Name: CCTV-7, Total: 20, Valid: 12, Valid Percent: 60.00%, Whitelist: 0, IPv4: 14, IPv6: 6, Min Delay: 73 ms, Max Speed: 25.30 M/s, Avg Speed: 3.97 M/s, Max Resolution: 1920x1080
Category: 📺央视频道, Name: CCTV-8, Total: 24, Valid: 14, Valid Percent: 58.33%, Whitelist: 0, IPv4: 17, IPv6: 7, Min Delay: 71 ms, Max Speed: 25.84 M/s, Avg Speed: 3.36 M/s, Max Resolution: 1920x1080
Category: 📺央视频道, Name: CCTV-9, Total: 23, Valid: 14, Valid Percent: 60.87%, Whitelist: 0, IPv4: 16, IPv6: 7, Min Delay: 67 ms, Max Speed: 25.67 M/s, Avg Speed: 3.10 M/s, Max Resolution: 1920x1080
Category: 📺央视频道, Name: CCTV-10, Total: 22, Valid: 14, Valid Percent: 63.64%, Whitelist: 0, IPv4: 16, IPv6: 6, Min Delay: 66 ms, Max Speed: 26.75 M/s, Avg Speed: 2.62 M/s, Max Resolution: 1920x1080
Category: 📺央视频道, Name: CCTV-11, Total: 20, Valid: 11, Valid Percent: 55.00%, Whitelist: 0, IPv4: 13, IPv6: 7, Min Delay: 92 ms, Max Speed: 28.53 M/s, Avg Speed: 3.90 M/s, Max Resolution: 1920x1080
Category: 📺央视频道, Name: CCTV-12, Total: 20, Valid: 11, Valid Percent: 55.00%, Whitelist: 0, IPv4: 13, IPv6: 7, Min Delay: 312 ms, Max Speed: 5.71 M/s, Avg Speed: 1.46 M/s, Max Resolution: 1920x1080
Category: 📺央视频道, Name: CCTV-13, Total: 18, Valid: 9, Valid Percent: 50.00%, Whitelist: 0, IPv4: 11, IPv6: 7, Min Delay: 90 ms, Max Speed: 25.46 M/s, Avg Speed: 4.91 M/s, Max Resolution: 1920x1080
Category: 📺央视频道, Name: CCTV-14, Total: 20, Valid: 10, Valid Percent: 50.00%, Whitelist: 0, IPv4: 12, IPv6: 8, Min Delay: 69 ms, Max Speed: 24.63 M/s, Avg Speed: 3.55 M/s, Max Resolution: 1920x1080
Category: 📺央视频道, Name: CCTV-15, Total: 21, Valid: 11, Valid Percent: 52.38%, Whitelist: 0, IPv4: 13, IPv6: 8, Min Delay: 96 ms, Max Speed: 26.32 M/s, Avg Speed: 3.28 M/s, Max Resolution: 1920x1080
Category: 📺央视频道, Name: CCTV-16, Total: 10, Valid: 6, Valid Percent: 60.00%, Whitelist: 0, IPv4: 6, IPv6: 4, Min Delay: 67 ms, Max Speed: 26.28 M/s, Avg Speed: 6.32 M/s, Max Resolution: 1920x1080
Category: 📺央视频道, Name: CCTV-17, Total: 15, Valid: 9, Valid Percent: 60.00%, Whitelist: 0, IPv4: 11, IPv6: 4, Min Delay: 38 ms, Max Speed: 140.75 M/s, Avg Speed: 34.38 M/s, Max Resolution: 1920x1080
Category: 📡卫视频道, Name: 湖南卫视, Total: 19, Valid: 12, Valid Percent: 63.16%, Whitelist: 0, IPv4: 15, IPv6: 4, Min Delay: 81 ms, Max Speed: 24.34 M/s, Avg Speed: 3.56 M/s, Max Resolution: 3840x2160
Category: 📡卫视频道, Name: 浙江卫视, Total: 19, Valid: 10, Valid Percent: 52.63%, Whitelist: 0, IPv4: 12, IPv6: 7, Min Delay: 479 ms, Max Speed: 9.31 M/s, Avg Speed: 2.50 M/s, Max Resolution: 1920x1080
Category: 📡卫视频道, Name: 河南卫视, Total: 14, Valid: 9, Valid Percent: 64.29%, Whitelist: 0, IPv4: 11, IPv6: 3, Min Delay: 94 ms, Max Speed: 24.80 M/s, Avg Speed: 5.11 M/s, Max Resolution: 1920x1080
Category: 📡卫视频道, Name: 安徽卫视, Total: 14, Valid: 9, Valid Percent: 64.29%, Whitelist: 0, IPv4: 11, IPv6: 3, Min Delay: 462 ms, Max Speed: 8.99 M/s, Avg Speed: 2.50 M/s, Max Resolution: 1920x1080
Category: 📡卫视频道, Name: 江苏卫视, Total: 18, Valid: 11, Valid Percent: 61.11%, Whitelist: 0, IPv4: 13, IPv6: 5, Min Delay: 75 ms, Max Speed: 25.66 M/s, Avg Speed: 5.46 M/s, Max Resolution: 1920x1080
Category: 📡卫视频道, Name: 东方卫视, Total: 16, Valid: 9, Valid Percent: 56.25%, Whitelist: 0, IPv4: 11, IPv6: 5, Min Delay: 587 ms, Max Speed: 8.73 M/s, Avg Speed: 4.31 M/s, Max Resolution: 1920x1080
Category: 📡卫视频道, Name: 东南卫视, Total: 13, Valid: 6, Valid Percent: 46.15%, Whitelist: 0, IPv4: 8, IPv6: 5, Min Delay: 79 ms, Max Speed: 25.00 M/s, Avg Speed: 5.89 M/s, Max Resolution: 1920x1080
Category: 📡卫视频道, Name: 北京卫视, Total: 12, Valid: 5, Valid Percent: 41.67%, Whitelist: 0, IPv4: 7, IPv6: 5, Min Delay: 530 ms, Max Speed: 7.62 M/s, Avg Speed: 3.00 M/s, Max Resolution: 1920x1080
Category: 📡卫视频道, Name: 湖北卫视, Total: 16, Valid: 9, Valid Percent: 56.25%, Whitelist: 0, IPv4: 11, IPv6: 5, Min Delay: 83 ms, Max Speed: 23.99 M/s, Avg Speed: 3.84 M/s, Max Resolution: 1920x1080
Category: 📡卫视频道, Name: 辽宁卫视, Total: 17, Valid: 9, Valid Percent: 52.94%, Whitelist: 0, IPv4: 13, IPv6: 4, Min Delay: 71 ms, Max Speed: 25.84 M/s, Avg Speed: 5.24 M/s, Max Resolution: 1920x1080
Category: 📡卫视频道, Name: 河北卫视, Total: 12, Valid: 4, Valid Percent: 33.33%, Whitelist: 0, IPv4: 6, IPv6: 6, Min Delay: 4163 ms, Max Speed: 1.07 M/s, Avg Speed: 0.45 M/s, Max Resolution: 1920x1080
Category: 📡卫视频道, Name: 江西卫视, Total: 16, Valid: 9, Valid Percent: 56.25%, Whitelist: 0, IPv4: 11, IPv6: 5, Min Delay: 47 ms, Max Speed: 109.21 M/s, Avg Speed: 16.11 M/s, Max Resolution: 1920x1080
Category: 📡卫视频道, Name: 山东卫视, Total: 14, Valid: 9, Valid Percent: 64.29%, Whitelist: 0, IPv4: 10, IPv6: 4, Min Delay: 118 ms, Max Speed: 25.20 M/s, Avg Speed: 3.89 M/s, Max Resolution: 1920x1080
Category: 📡卫视频道, Name: 山西卫视, Total: 13, Valid: 11, Valid Percent: 84.62%, Whitelist: 0, IPv4: 11, IPv6: 2, Min Delay: 43 ms, Max Speed: 126.15 M/s, Avg Speed: 23.99 M/s, Max Resolution: 1920x1080
Category: 📡卫视频道, Name: 重庆卫视, Total: 13, Valid: 7, Valid Percent: 53.85%, Whitelist: 0, IPv4: 9, IPv6: 4, Min Delay: 72 ms, Max Speed: 25.31 M/s, Avg Speed: 5.84 M/s, Max Resolution: 1920x1080
Category: 📡卫视频道, Name: 陕西卫视, Total: 11, Valid: 8, Valid Percent: 72.73%, Whitelist: 0, IPv4: 8, IPv6: 3, Min Delay: 46 ms, Max Speed: 117.97 M/s, Avg Speed: 17.67 M/s, Max Resolution: 1920x1080
Category: 📡卫视频道, Name: 四川卫视, Total: 12, Valid: 8, Valid Percent: 66.67%, Whitelist: 0, IPv4: 9, IPv6: 3, Min Delay: 39 ms, Max Speed: 131.52 M/s, Avg Speed: 27.10 M/s, Max Resolution: 1920x1080
Category: 📡卫视频道, Name: 广东卫视, Total: 15, Valid: 9, Valid Percent: 60.00%, Whitelist: 0, IPv4: 11, IPv6: 4, Min Delay: 461 ms, Max Speed: 31.29 M/s, Avg Speed: 5.71 M/s, Max Resolution: 1920x1080
Category: 📡卫视频道, Name: 深圳卫视, Total: 15, Valid: 10, Valid Percent: 66.67%, Whitelist: 0, IPv4: 12, IPv6: 3, Min Delay: 731 ms, Max Speed: 6.76 M/s, Avg Speed: 1.74 M/s, Max Resolution: 1920x1080
Category: 📡卫视频道, Name: 甘肃卫视, Total: 9, Valid: 5, Valid Percent: 55.56%, Whitelist: 0, IPv4: 7, IPv6: 2, Min Delay: 614 ms, Max Speed: 6.79 M/s, Avg Speed: 1.98 M/s, Max Resolution: 1920x1080
Category: 📡卫视频道, Name: 广西卫视, Total: 10, Valid: 6, Valid Percent: 60.00%, Whitelist: 0, IPv4: 7, IPv6: 3, Min Delay: 492 ms, Max Speed: 9.39 M/s, Avg Speed: 3.73 M/s, Max Resolution: 1920x1080
Category: 📡卫视频道, Name: 贵州卫视, Total: 14, Valid: 10, Valid Percent: 71.43%, Whitelist: 0, IPv4: 12, IPv6: 2, Min Delay: 35 ms, Max Speed: 146.37 M/s, Avg Speed: 17.73 M/s, Max Resolution: 1920x1080
Category: 📡卫视频道, Name: 海南卫视, Total: 8, Valid: 2, Valid Percent: 25.00%, Whitelist: 0, IPv4: 4, IPv6: 4, Min Delay: 1213 ms, Max Speed: 1.21 M/s, Avg Speed: 0.91 M/s, Max Resolution: 1920x1080
Category: 📡卫视频道, Name: 天津卫视, Total: 14, Valid: 8, Valid Percent: 57.14%, Whitelist: 0, IPv4: 9, IPv6: 5, Min Delay: 681 ms, Max Speed: 6.60 M/s, Avg Speed: 1.58 M/s, Max Resolution: 1920x1080
Category: 📡卫视频道, Name: 吉林卫视, Total: 12, Valid: 8, Valid Percent: 66.67%, Whitelist: 0, IPv4: 9, IPv6: 3, Min Delay: 637 ms, Max Speed: 7.14 M/s, Avg Speed: 1.95 M/s, Max Resolution: 1920x1080
Category: 📡卫视频道, Name: 青海卫视, Total: 10, Valid: 5, Valid Percent: 50.00%, Whitelist: 0, IPv4: 6, IPv6: 4, Min Delay: 558 ms, Max Speed: 7.80 M/s, Avg Speed: 2.69 M/s, Max Resolution: 1920x1080
Category: 📡卫视频道, Name: 西藏卫视, Total: 7, Valid: 5, Valid Percent: 71.43%, Whitelist: 0, IPv4: 6, IPv6: 1, Min Delay: 46 ms, Max Speed: 118.38 M/s, Avg Speed: 26.40 M/s, Max Resolution: 1920x1080
Category: 📡卫视频道, Name: 新疆卫视, Total: 12, Valid: 9, Valid Percent: 75.00%, Whitelist: 0, IPv4: 10, IPv6: 2, Min Delay: 59 ms, Max Speed: 93.65 M/s, Avg Speed: 13.96 M/s, Max Resolution: 1920x1080
Category: 📡卫视频道, Name: 云南卫视, Total: 13, Valid: 8, Valid Percent: 61.54%, Whitelist: 0, IPv4: 11, IPv6: 2, Min Delay: 571 ms, Max Speed: 8.39 M/s, Avg Speed: 3.29 M/s, Max Resolution: 1920x1080
